[dotenv@17.3.1] injecting env (6) from .env -- tip: ΓÜÖ∩╕Å  write to custom object with { processEnv: myObject }
Testing getAllUsers...
node : Test failed: 
column 
users.createdAt does 
not exist
At line:1 char:1
+ node test-repo.js > 
test-output.txt 2>&1
+ ~~~~~~~~~~~~~~~~~~~~
~~~~~~~~~~~~~~~~~~~~
    + CategoryInfo    
          : NotSpeci  
  fied: (Test faile   
 d: co... does not    
 exist:String) []    
, RemoteException
    + FullyQualifiedE 
   rrorId : NativeCo  
  mmandError
 
Error: column 
users.createdAt does 
not exist
    at AuthRepository.
getAllUsers (file:///C
:/Users/HP/OneDrive/De
sktop/ERP/server/src/m
odules/auth/repositori
es/auth.repository.js:
166:22)
    at process.process
TicksAndRejections (no
de:internal/process/ta
sk_queues:105:5)
    at async test (fil
e:///C:/Users/HP/OneDr
ive/Desktop/ERP/server
/test-repo.js:6:19)
